// Vitest Snapshot v1, https://vitest.dev/guide/snapshot.html

exports[`dependency cruiser config missing file 1`] = `[]`;

exports[`dependency cruiser config missing file 2`] = `[]`;

exports[`dependency cruiser config missing file 3`] = `
[
  "use-dependency-cruiser",
]
`;
