// Vitest Snapshot v1, https://vitest.dev/guide/snapshot.html

exports[`tailwind : can detect valid config 1`] = `
{
  "canFix": true,
  "canForce": false,
  "data": {
    "canAutoMergeDeps": true,
    "hasMainBranch": false,
    "hasTaskPrefix": false,
    "isModule": false,
    "isPublishedPackage": false,
    "isQuiet": true,
    "isUsingC8": false,
    "isUsingDependencyCruiser": false,
    "isUsingEslint": false,
    "isUsingNyc": false,
    "isUsingShuutils": false,
    "isUsingTailwind": true,
    "isUsingTypescript": false,
    "isUsingV8": false,
    "isUsingVue": false,
    "isWebPublished": false,
    "license": "GPL-3.0",
    "maxSizeKo": 1,
    "packageName": "",
    "repoId": "a-great-repo",
    "shouldAvoidSass": true,
    "userId": "Shuunen",
    "userIdLowercase": "shuunen",
    "userMail": "romain.racamier@gmail.com",
    "userName": "Romain Racamier-Lafon",
    "webUrl": "https://my-website.com",
    "willGenerateReport": true,
  },
  "failed": [],
  "fileContent": "/** @type {import('tailwindcss').Config} */
// eslint-disable-next-line unicorn/prefer-module
module.exports = {
  content: ['public/*.html', './src/**/*.{vue,js,ts,jsx,tsx}'],
  safelist: [
    {
      pattern: /(?:bg|from|text|to)-\\w+-(?:700|900)/u,
    },
  ],
  theme: {
    extend: {},
  },
}
",
  "fileName": "",
  "originalFileContent": "// eslint-disable-next-line unicorn/prefer-module
module.exports = {
  content: ['public/*.html', './src/**/*.{vue,js,ts,jsx,tsx}'],
  safelist: [
    {
      pattern: /(?:bg|from|text|to)-\\w+-(?:700|900)/u,
    },
  ],
  theme: {
    extend: {},
  },
}
",
  "passed": [
    "has-a-tailwind-config-js-file",
    "tailwind-config-js-has-a-content-previously-named-purge-option",
  ],
  "warnings": [],
}
`;
